Archive member included because of file (symbol)

.\CortexM3\ARM_GCC_493\Debug\Dashboard.a(cyfitter_cfg.o)
                              .\CortexM3\ARM_GCC_493\Debug\Cm3Start.o (cyfitter_cfg)
.\CortexM3\ARM_GCC_493\Debug\Dashboard.a(CAN.o)
                              .\CortexM3\ARM_GCC_493\Debug\main.o (CAN_GlobalIntEnable)
.\CortexM3\ARM_GCC_493\Debug\Dashboard.a(CAN_INT.o)
                              .\CortexM3\ARM_GCC_493\Debug\Dashboard.a(CAN.o) (CAN_ISR)
.\CortexM3\ARM_GCC_493\Debug\Dashboard.a(CAN_TX_RX_func.o)
                              .\CortexM3\ARM_GCC_493\Debug\can_manga.o (CAN_SendMsg)
.\CortexM3\ARM_GCC_493\Debug\Dashboard.a(LCD.o)
                              .\CortexM3\ARM_GCC_493\Debug\main.o (LCD_Start)
.\CortexM3\ARM_GCC_493\Debug\Dashboard.a(CyDmac.o)
                              .\CortexM3\ARM_GCC_493\Debug\Cm3Start.o (CyDmacConfigure)
.\CortexM3\ARM_GCC_493\Debug\Dashboard.a(CyLib.o)
                              .\CortexM3\ARM_GCC_493\Debug\Cm3Start.o (CyHalt)
.\CortexM3\ARM_GCC_493\Debug\Dashboard.a(cyPm.o)
                              .\CortexM3\ARM_GCC_493\Debug\Dashboard.a(CyLib.o) (CyPmReadStatus)
.\CortexM3\ARM_GCC_493\Debug\Dashboard.a(Buzzer.o)
                              .\CortexM3\ARM_GCC_493\Debug\main.o (Buzzer_Write)
.\CortexM3\ARM_GCC_493\Debug\Dashboard.a(HV.o)
                              .\CortexM3\ARM_GCC_493\Debug\main.o (HV_Read)
.\CortexM3\ARM_GCC_493\Debug\Dashboard.a(Drive.o)
                              .\CortexM3\ARM_GCC_493\Debug\main.o (Drive_Read)
.\CortexM3\ARM_GCC_493\Debug\Dashboard.a(WaveDAC8_1.o)
                              .\CortexM3\ARM_GCC_493\Debug\main.o (WaveDAC8_1_Start)
.\CortexM3\ARM_GCC_493\Debug\Dashboard.a(WaveDAC8_1_DacClk.o)
                              .\CortexM3\ARM_GCC_493\Debug\Dashboard.a(WaveDAC8_1.o) (WaveDAC8_1_DacClk_Start)
.\CortexM3\ARM_GCC_493\Debug\Dashboard.a(WaveDAC8_1_Wave1_DMA_dma.o)
                              .\CortexM3\ARM_GCC_493\Debug\Dashboard.a(WaveDAC8_1.o) (WaveDAC8_1_Wave1_DMA_DmaInitialize)
.\CortexM3\ARM_GCC_493\Debug\Dashboard.a(WaveDAC8_1_Wave2_DMA_dma.o)
                              .\CortexM3\ARM_GCC_493\Debug\Dashboard.a(WaveDAC8_1.o) (WaveDAC8_1_Wave2_DMA_DmaInitialize)
.\CortexM3\ARM_GCC_493\Debug\Dashboard.a(WaveDAC8_1_VDAC8.o)
                              .\CortexM3\ARM_GCC_493\Debug\Dashboard.a(WaveDAC8_1.o) (WaveDAC8_1_VDAC8_Enable)
.\CortexM3\ARM_GCC_493\Debug\Dashboard.a(RGB3_1.o)
                              .\CortexM3\ARM_GCC_493\Debug\main.o (RGB3_1_Write)
.\CortexM3\ARM_GCC_493\Debug\Dashboard.a(RGB2_1.o)
                              .\CortexM3\ARM_GCC_493\Debug\main.o (RGB2_1_Write)
.\CortexM3\ARM_GCC_493\Debug\Dashboard.a(RGB1_1.o)
                              .\CortexM3\ARM_GCC_493\Debug\main.o (RGB1_1_Write)
.\CortexM3\ARM_GCC_493\Debug\Dashboard.a(RGB3_2.o)
                              .\CortexM3\ARM_GCC_493\Debug\main.o (RGB3_2_Write)
.\CortexM3\ARM_GCC_493\Debug\Dashboard.a(RGB2_2.o)
                              .\CortexM3\ARM_GCC_493\Debug\main.o (RGB2_2_Write)
.\CortexM3\ARM_GCC_493\Debug\Dashboard.a(RGB1_2.o)
                              .\CortexM3\ARM_GCC_493\Debug\main.o (RGB1_2_Write)
.\CortexM3\ARM_GCC_493\Debug\Dashboard.a(CyBootAsmGnu.o)
                              .\CortexM3\ARM_GCC_493\Debug\Dashboard.a(cyfitter_cfg.o) (CyDelayCycles)
.\CortexM3\ARM_GCC_493\Debug\Dashboard.a(CyFlash.o)
                              .\CortexM3\ARM_GCC_493\Debug\Dashboard.a(cyPm.o) (CyFlash_SetWaitCycles)
.\CortexM3\ARM_GCC_493\Debug\Dashboard.a(CySpc.o)
                              .\CortexM3\ARM_GCC_493\Debug\Dashboard.a(CyFlash.o) (CySpcStart)
c:/program files (x86)/cypress/psoc creator/4.0/psoc creator/import/gnu/arm/4.9.3/bin/../lib/gcc/arm-none-eabi/4.9.3/../../../../arm-none-eabi/lib/armv7-m\libg_nano.a(lib_a-errno.o)
                              .\CortexM3\ARM_GCC_493\Debug\Cm3Start.o (__errno)
c:/program files (x86)/cypress/psoc creator/4.0/psoc creator/import/gnu/arm/4.9.3/bin/../lib/gcc/arm-none-eabi/4.9.3/../../../../arm-none-eabi/lib/armv7-m\libg_nano.a(lib_a-exit.o)
                              c:/program files (x86)/cypress/psoc creator/4.0/psoc creator/import/gnu/arm/4.9.3/bin/../lib/gcc/arm-none-eabi/4.9.3/../../../../arm-none-eabi/lib/armv7-m/crt0.o (exit)
c:/program files (x86)/cypress/psoc creator/4.0/psoc creator/import/gnu/arm/4.9.3/bin/../lib/gcc/arm-none-eabi/4.9.3/../../../../arm-none-eabi/lib/armv7-m\libg_nano.a(lib_a-impure.o)
                              c:/program files (x86)/cypress/psoc creator/4.0/psoc creator/import/gnu/arm/4.9.3/bin/../lib/gcc/arm-none-eabi/4.9.3/../../../../arm-none-eabi/lib/armv7-m\libg_nano.a(lib_a-exit.o) (_global_impure_ptr)
c:/program files (x86)/cypress/psoc creator/4.0/psoc creator/import/gnu/arm/4.9.3/bin/../lib/gcc/arm-none-eabi/4.9.3/../../../../arm-none-eabi/lib/armv7-m\libg_nano.a(lib_a-init.o)
[...]
Memory Configuration

Name             Origin             Length             Attributes
rom              0x00000000         0x00040000         xr
ram              0x1fff8000         0x00010000         xrw
*default*        0x00000000         0xffffffff

Linker script and memory map

LOAD c:/program files (x86)/cypress/psoc creator/4.0/psoc creator/import/gnu/arm/4.9.3/bin/../lib/gcc/arm-none-eabi/4.9.3/armv7-m/crti.o
LOAD c:/program files (x86)/cypress/psoc creator/4.0/psoc creator/import/gnu/arm/4.9.3/bin/../lib/gcc/arm-none-eabi/4.9.3/armv7-m/crtbegin.o
LOAD c:/program files (x86)/cypress/psoc creator/4.0/psoc creator/import/gnu/arm/4.9.3/bin/../lib/gcc/arm-none-eabi/4.9.3/../../../../arm-none-eabi/lib/armv7-m/crt0.o
START GROUP
LOAD .\CortexM3\ARM_GCC_493\Debug\main.o
LOAD .\CortexM3\ARM_GCC_493\Debug\can_manager.o
LOAD .\CortexM3\ARM_GCC_493\Debug\can_manga.o
LOAD .\CortexM3\ARM_GCC_493\Debug\cymetadata.o
LOAD .\CortexM3\ARM_GCC_493\Debug\Cm3Start.o
LOAD .\CortexM3\ARM_GCC_493\Debug\Dashboard.a
LOAD C:\Program Files (x86)\Cypress\PSoC Creator\4.0\PSoC Creator\psoc\content\cycomponentlibrary\CyComponentLibrary.cylib\CortexM3\ARM_GCC_493\Debug\CyComponentLibrary.a
END GROUP
START GROUP
LOAD c:/program files (x86)/cypress/psoc creator/4.0/psoc creator/import/gnu/arm/4.9.3/bin/../lib/gcc/arm-none-eabi/4.9.3/armv7-m\libgcc.a
LOAD c:/program files (x86)/cypress/psoc creator/4.0/psoc creator/import/gnu/arm/4.9.3/bin/../lib/gcc/arm-none-eabi/4.9.3/../../../../arm-none-eabi/lib/armv7-m\libg_nano.a
LOAD c:/program files (x86)/cypress/psoc creator/4.0/psoc creator/import/gnu/arm/4.9.3/bin/../lib/gcc/arm-none-eabi/4.9.3/../../../../arm-none-eabi/lib/armv7-m\libc_nano.a
END GROUP
START GROUP
LOAD c:/program files (x86)/cypress/psoc creator/4.0/psoc creator/import/gnu/arm/4.9.3/bin/../lib/gcc/arm-none-eabi/4.9.3/armv7-m\libgcc.a
LOAD c:/program files (x86)/cypress/psoc creator/4.0/psoc creator/import/gnu/arm/4.9.3/bin/../lib/gcc/arm-none-eabi/4.9.3/../../../../arm-none-eabi/lib/armv7-m\libc_nano.a
END GROUP
LOAD c:/program files (x86)/cypress/psoc creator/4.0/psoc creator/import/gnu/arm/4.9.3/bin/../lib/gcc/arm-none-eabi/4.9.3/armv7-m/crtend.o
LOAD c:/program files (x86)/cypress/psoc creator/4.0/psoc creator/import/gnu/arm/4.9.3/bin/../lib/gcc/arm-none-eabi/4.9.3/armv7-m/crtn.o
START GROUP
LOAD c:/program files (x86)/cypress/psoc creator/4.0/psoc creator/import/gnu/arm/4.9.3/bin/../lib/gcc/arm-none-eabi/4.9.3/armv7-m\libgcc.a
LOAD c:/program files (x86)/cypress/psoc creator/4.0/psoc creator/import/gnu/arm/4.9.3/bin/../lib/gcc/arm-none-eabi/4.9.3/../../../../arm-none-eabi/lib/armv7-m\libc.a
LOAD c:/program files (x86)/cypress/psoc creator/4.0/psoc creator/import/gnu/arm/4.9.3/bin/../lib/gcc/arm-none-eabi/4.9.3/../../../../arm-none-eabi/lib/armv7-m\libnosys.a
END GROUP
                0x00000000                CY_APPL_ORIGIN = 0x0
                0x00000100                CY_FLASH_ROW_SIZE = 0x100
                0x00000020                CY_ECC_ROW_SIZE = 0x20
                0x00000000                CY_EE_IN_BTLDR = 0x0
                0x00000000                CY_APPL_LOADABLE = 0x0
                0x00000800                CY_EE_SIZE = 0x800
                0x00000001                CY_APPL_NUM = 0x1
                0x00000001                CY_APPL_MAX = 0x1
                0x00000040                CY_METADATA_SIZE = 0x40
                0x00000000                CY_APPL_LOADABLE = 0x0
                0x00000000                CY_CHECKSUM_EXCLUDE_SIZE = ALIGN (0x0, CY_FLASH_ROW_SIZE)
                0x1fffc160                PROVIDE (__cy_heap_start, _end)
                0x00000001                PROVIDE (__cy_region_num, ((__cy_regions_end - __cy_regions) / 0x10))
                0x20008000                PROVIDE (__cy_stack, (ORIGIN (ram) + 0x10000))
                0x20007800                PROVIDE (__cy_heap_end, (__cy_stack - 0x800))

.cybootloader   0x00000000        0x0
 *(.cybootloader)
                0x00000000                appl1_start = CY_APPL_ORIGIN?CY_APPL_ORIGIN:ALIGN (CY_FLASH_ROW_SIZE)
                0x0001ff00                appl2_start = (appl1_start + ALIGN ((((0x40000 - appl1_start) - (0x2 * CY_FLASH_ROW_SIZE)) / 0x2), CY_FLASH_ROW_SIZE))
                0x00000000                appl_start = (CY_APPL_NUM == 0x1)?appl1_start:appl2_start
                0x00000000                ecc_offset = ((appl_start / CY_FLASH_ROW_SIZE) * CY_ECC_ROW_SIZE)
                0x00000000                ee_offset = (CY_APPL_LOADABLE && ! (CY_EE_IN_BTLDR))?((CY_EE_SIZE / CY_APPL_MAX) * (CY_APPL_NUM - 0x1)):0x0
                0x00000800                ee_size = (CY_APPL_LOADABLE && ! (CY_EE_IN_BTLDR))?(CY_EE_SIZE / CY_APPL_MAX):CY_EE_SIZE
                0x00000000                PROVIDE (CY_ECC_OFFSET, ecc_offset)

.text           0x00000000     0x1872
 CREATE_OBJECT_SYMBOLS
                0x00000000                PROVIDE (__cy_interrupt_vector, RomVectors)
 *(.romvectors)
 .romvectors    0x00000000       0x10 .\CortexM3\ARM_GCC_493\Debug\Cm3Start.o
                0x00000000                RomVectors
                0x00000001                ASSERT ((. != __cy_interrupt_vector), No interrupt vector)
                0x00000001                ASSERT (CY_APPL_ORIGIN?(SIZEOF (.cybootloader) <= CY_APPL_ORIGIN):0x1, Wrong image location)
                0x00000010                PROVIDE (__cy_reset, Reset)
 *(.text.Reset)
 .text.Reset    0x00000010       0x18 .\CortexM3\ARM_GCC_493\Debug\Cm3Start.o
                0x00000010                Reset
                0x00000001                ASSERT ((. != __cy_reset), No reset code)
 *(.dma_init)
                0x00000001                ASSERT ((((appl_start + .) <= 0x10000) || 0x1), DMA Init must be within the first 64k of flash)
 *(.text .text.* .gnu.linkonce.t.*)
 .text          0x00000028       0x5c c:/program files (x86)/cypress/psoc creator/4.0/psoc creator/import/gnu/arm/4.9.3/bin/../lib/gcc/arm-none-eabi/4.9.3/armv7-m/crtbegin.o
 .text.main     0x00000084      0x430 .\CortexM3\ARM_GCC_493\Debug\main.o
                0x00000084                main
 .text.can_get  0x000004b4      0x158 .\CortexM3\ARM_GCC_493\Debug\can_manager.o
                0x000004b4                can_get
 .text.can_read
                0x0000060c       0x40 .\CortexM3\ARM_GCC_493\Debug\can_manager.o
                0x0000060c                can_read
 .text.curtisHeartBeatHandler
                0x0000064c        0xc .\CortexM3\ARM_GCC_493\Debug\can_manga.o
                0x0000064c                curtisHeartBeatHandler
 .text.capacitorVoltHandler
                0x00000658       0x18 .\CortexM3\ARM_GCC_493\Debug\can_manga.o
                0x00000658                capacitorVoltHandler
 .text.curtisFaultHandler
                0x00000670        0xc .\CortexM3\ARM_GCC_493\Debug\can_manga.o
                0x00000670                curtisFaultHandler
 .text.ackRecievedHandler
                0x0000067c       0x18 .\CortexM3\ARM_GCC_493\Debug\can_manga.o
                0x0000067c                ackRecievedHandler
 .text.can_receive
                0x00000694       0x6c .\CortexM3\ARM_GCC_493\Debug\can_manga.o
                0x00000694                can_receive
 .text.can_send
                0x00000700       0x40 .\CortexM3\ARM_GCC_493\Debug\can_manga.o
                0x00000700                can_send
 .text.can_send_status
                0x00000740       0x38 .\CortexM3\ARM_GCC_493\Debug\can_manga.o
                0x00000740                can_send_status
 .text.can_send_cmd
                0x00000778       0x3c .\CortexM3\ARM_GCC_493\Debug\can_manga.o
                0x00000778                can_send_cmd
 .text.Curtis_Heart_Beat_Check
                0x000007b4       0x18 .\CortexM3\ARM_GCC_493\Debug\can_manga.o
                0x000007b4                Curtis_Heart_Beat_Check
 .text.IntDefaultHandler
                0x000007cc        0x4 .\CortexM3\ARM_GCC_493\Debug\Cm3Start.o
                0x000007cc                IntDefaultHandler
 .text.Start_c  0x000007d0       0x4c .\CortexM3\ARM_GCC_493\Debug\Cm3Start.o
                0x000007d0                Start_c
 .text.initialize_psoc
                0x0000081c       0x78 .\CortexM3\ARM_GCC_493\Debug\Cm3Start.o
                0x0000081c                initialize_psoc
 .text.CyClockStartupError
                0x00000894        0x4 .\CortexM3\ARM_GCC_493\Debug\Dashboard.a(cyfitter_cfg.o)
 .text.cfg_write_bytes32
                0x00000898       0x34 .\CortexM3\ARM_GCC_493\Debug\Dashboard.a(cyfitter_cfg.o)
 .text.AnalogSetDefault
                0x000008cc       0x38 .\CortexM3\ARM_GCC_493\Debug\Dashboard.a(cyfitter_cfg.o)
 .text.CYMEMZERO
                0x00000904        0xc .\CortexM3\ARM_GCC_493\Debug\Dashboard.a(cyfitter_cfg.o)
 .text.ClockSetup
                0x00000910       0xbc .\CortexM3\ARM_GCC_493\Debug\Dashboard.a(cyfitter_cfg.o)
 .text.CYCONFIGCPY
                0x000009cc        0x8 .\CortexM3\ARM_GCC_493\Debug\Dashboard.a(cyfitter_cfg.o)
 .text.cyfitter_cfg
                0x000009d4      0x13c .\CortexM3\ARM_GCC_493\Debug\Dashboard.a(cyfitter_cfg.o)
                0x000009d4                cyfitter_cfg
 .text.CAN_GlobalIntEnable
                0x00000b10       0x20 .\CortexM3\ARM_GCC_493\Debug\Dashboard.a(CAN.o)
                0x00000b10                CAN_GlobalIntEnable
 .text.CAN_Enable
                0x00000b30       0x6c .\CortexM3\ARM_GCC_493\Debug\Dashboard.a(CAN.o)
                0x00000b30                CAN_Enable
 .text.CAN_SetPreScaler
                0x00000b9c       0x24 .\CortexM3\ARM_GCC_493\Debug\Dashboard.a(CAN.o)
                0x00000b9c                CAN_SetPreScaler
 .text.CAN_SetArbiter
                0x00000bc0       0x3c .\CortexM3\ARM_GCC_493\Debug\Dashboard.a(CAN.o)
                0x00000bc0                CAN_SetArbiter
 .text.CAN_SetTsegSample
                0x00000bfc       0x84 .\CortexM3\ARM_GCC_493\Debug\Dashboard.a(CAN.o)
                0x00000bfc                CAN_SetTsegSample
 .text.CAN_SetRestartType
                0x00000c80       0x3c .\CortexM3\ARM_GCC_493\Debug\Dashboard.a(CAN.o)
                0x00000c80                CAN_SetRestartType
 .text.CAN_SetEdgeMode
                0x00000cbc       0x3c .\CortexM3\ARM_GCC_493\Debug\Dashboard.a(CAN.o)
                0x00000cbc                CAN_SetEdgeMode
 .text.CAN_SetIrqMask
                0x00000cf8       0x18 .\CortexM3\ARM_GCC_493\Debug\Dashboard.a(CAN.o)
                0x00000cf8                CAN_SetIrqMask
 .text.CAN_RxBufConfig
                0x00000d10       0x90 .\CortexM3\ARM_GCC_493\Debug\Dashboard.a(CAN.o)
                0x00000d10                CAN_RxBufConfig
 .text.CAN_TxBufConfig
                0x00000da0       0x54 .\CortexM3\ARM_GCC_493\Debug\Dashboard.a(CAN.o)
                0x00000da0                CAN_TxBufConfig
 .text.CAN_RxTxBuffersConfig
                0x00000df4       0x50 .\CortexM3\ARM_GCC_493\Debug\Dashboard.a(CAN.o)
                0x00000df4                CAN_RxTxBuffersConfig
 .text.CAN_Init
                0x00000e44       0xe0 .\CortexM3\ARM_GCC_493\Debug\Dashboard.a(CAN.o)
                0x00000e44                CAN_Init
 .text.CAN_Start
                0x00000f24       0x24 .\CortexM3\ARM_GCC_493\Debug\Dashboard.a(CAN.o)
                0x00000f24                CAN_Start
 .text.CAN_MsgRXIsr
                0x00000f48       0x44 .\CortexM3\ARM_GCC_493\Debug\Dashboard.a(CAN_INT.o)
                0x00000f48                CAN_MsgRXIsr
 .text.CAN_ISR  0x00000f8c       0x18 .\CortexM3\ARM_GCC_493\Debug\Dashboard.a(CAN_INT.o)
                0x00000f8c                CAN_ISR
 .text.CAN_SendMsg
                0x00000fa4       0xdc .\CortexM3\ARM_GCC_493\Debug\Dashboard.a(CAN_TX_RX_func.o)
                0x00000fa4                CAN_SendMsg
 .text.CAN_ReceiveMsg
                0x00001080       0x48 .\CortexM3\ARM_GCC_493\Debug\Dashboard.a(CAN_TX_RX_func.o)
                0x00001080                CAN_ReceiveMsg
 .text.LCD_WrCntrlNib
                0x000010c8       0x34 .\CortexM3\ARM_GCC_493\Debug\Dashboard.a(LCD.o)
 .text.LCD_IsReady
                0x000010fc       0xe4 .\CortexM3\ARM_GCC_493\Debug\Dashboard.a(LCD.o)
                0x000010fc                LCD_IsReady
 .text.LCD_WriteControl
                0x000011e0       0x18 .\CortexM3\ARM_GCC_493\Debug\Dashboard.a(LCD.o)
                0x000011e0                LCD_WriteControl
 .text.LCD_Init
                0x000011f8       0x6c .\CortexM3\ARM_GCC_493\Debug\Dashboard.a(LCD.o)
                0x000011f8                LCD_Init
 .text.LCD_Enable
                0x00001264       0x14 .\CortexM3\ARM_GCC_493\Debug\Dashboard.a(LCD.o)
                0x00001264                LCD_Enable
 .text.LCD_Start
                0x00001278       0x1c .\CortexM3\ARM_GCC_493\Debug\Dashboard.a(LCD.o)
                0x00001278                LCD_Start
 .text.CyDmacConfigure
                0x00001294       0x34 .\CortexM3\ARM_GCC_493\Debug\Dashboard.a(CyDmac.o)
                0x00001294                CyDmacConfigure
 .text.CyDmaChEnable
                0x000012c8       0x38 .\CortexM3\ARM_GCC_493\Debug\Dashboard.a(CyDmac.o)
                0x000012c8                CyDmaChEnable
 .text.CyDmaChPriority
                0x00001300       0x24 .\CortexM3\ARM_GCC_493\Debug\Dashboard.a(CyDmac.o)
                0x00001300                CyDmaChPriority
 .text.CyDmaChSetExtendedAddress
                0x00001324       0x34 .\CortexM3\ARM_GCC_493\Debug\Dashboard.a(CyDmac.o)
                0x00001324                CyDmaChSetExtendedAddress
 .text.CyDmaChSetInitialTd
                0x00001358       0x18 .\CortexM3\ARM_GCC_493\Debug\Dashboard.a(CyDmac.o)
                0x00001358                CyDmaChSetInitialTd
 .text.CyDmaChSetConfiguration
                0x00001370       0x48 .\CortexM3\ARM_GCC_493\Debug\Dashboard.a(CyDmac.o)
                0x00001370                CyDmaChSetConfiguration
 .text.CyDmaTdAllocate
                0x000013b8       0x34 .\CortexM3\ARM_GCC_493\Debug\Dashboard.a(CyDmac.o)
                0x000013b8                CyDmaTdAllocate
 .text.CyDmaTdSetConfiguration
                0x000013ec       0x28 .\CortexM3\ARM_GCC_493\Debug\Dashboard.a(CyDmac.o)
                0x000013ec                CyDmaTdSetConfiguration
 .text.CyDmaTdSetAddress
                0x00001414       0x1c .\CortexM3\ARM_GCC_493\Debug\Dashboard.a(CyDmac.o)
                0x00001414                CyDmaTdSetAddress
 .text.CyHalt   0x00001430        0x4 .\CortexM3\ARM_GCC_493\Debug\Dashboard.a(CyLib.o)
                0x00001430                CyHalt
 .text.CyDelay  0x00001434       0x2c .\CortexM3\ARM_GCC_493\Debug\Dashboard.a(CyLib.o)
                0x00001434                CyDelay
 .text.CyDelayUs
                0x00001460       0x14 .\CortexM3\ARM_GCC_493\Debug\Dashboard.a(CyLib.o)
                0x00001460                CyDelayUs
 .text.CyIntSetVector
                0x00001474       0x28 .\CortexM3\ARM_GCC_493\Debug\Dashboard.a(CyLib.o)
                0x00001474                CyIntSetVector
 .text.CyIntSetPriority
                0x0000149c       0x30 .\CortexM3\ARM_GCC_493\Debug\Dashboard.a(CyLib.o)
                0x0000149c                CyIntSetPriority
 .text.Buzzer_Write
                0x000014cc       0x18 .\CortexM3\ARM_GCC_493\Debug\Dashboard.a(Buzzer.o)
                0x000014cc                Buzzer_Write
 .text.HV_Read  0x000014e4       0x10 .\CortexM3\ARM_GCC_493\Debug\Dashboard.a(HV.o)
                0x000014e4                HV_Read
 .text.Drive_Read
                0x000014f4       0x10 .\CortexM3\ARM_GCC_493\Debug\Dashboard.a(Drive.o)
                0x000014f4                Drive_Read
 .text.WaveDAC8_1_Enable
                0x00001504       0x28 .\CortexM3\ARM_GCC_493\Debug\Dashboard.a(WaveDAC8_1.o)
                0x00001504                WaveDAC8_1_Enable
 .text.WaveDAC8_1_Wave1Setup
                0x0000152c       0x40 .\CortexM3\ARM_GCC_493\Debug\Dashboard.a(WaveDAC8_1.o)
                0x0000152c                WaveDAC8_1_Wave1Setup
 .text.WaveDAC8_1_Wave2Setup
                0x0000156c       0x40 .\CortexM3\ARM_GCC_493\Debug\Dashboard.a(WaveDAC8_1.o)
                0x0000156c                WaveDAC8_1_Wave2Setup
 .text.WaveDAC8_1_Init
                0x000015ac       0x40 .\CortexM3\ARM_GCC_493\Debug\Dashboard.a(WaveDAC8_1.o)
                0x000015ac                WaveDAC8_1_Init
 .text.WaveDAC8_1_Start
                0x000015ec       0x1c .\CortexM3\ARM_GCC_493\Debug\Dashboard.a(WaveDAC8_1.o)
                0x000015ec                WaveDAC8_1_Start
 .text.WaveDAC8_1_DacClk_Start
                0x00001608       0x1c .\CortexM3\ARM_GCC_493\Debug\Dashboard.a(WaveDAC8_1_DacClk.o)
                0x00001608                WaveDAC8_1_DacClk_Start
 .text.WaveDAC8_1_Wave1_DMA_DmaInitialize
                0x00001624       0x3c .\CortexM3\ARM_GCC_493\Debug\Dashboard.a(WaveDAC8_1_Wave1_DMA_dma.o)
                0x00001624                WaveDAC8_1_Wave1_DMA_DmaInitialize
 .text.WaveDAC8_1_Wave2_DMA_DmaInitialize
                0x00001660       0x3c .\CortexM3\ARM_GCC_493\Debug\Dashboard.a(WaveDAC8_1_Wave2_DMA_dma.o)
                0x00001660                WaveDAC8_1_Wave2_DMA_DmaInitialize
 .text.WaveDAC8_1_VDAC8_Enable
                0x0000169c       0x1c .\CortexM3\ARM_GCC_493\Debug\Dashboard.a(WaveDAC8_1_VDAC8.o)
                0x0000169c                WaveDAC8_1_VDAC8_Enable
 .text.WaveDAC8_1_VDAC8_SetSpeed
                0x000016b8       0x1c .\CortexM3\ARM_GCC_493\Debug\Dashboard.a(WaveDAC8_1_VDAC8.o)
                0x000016b8                WaveDAC8_1_VDAC8_SetSpeed
 .text.WaveDAC8_1_VDAC8_SetValue
                0x000016d4        0xc .\CortexM3\ARM_GCC_493\Debug\Dashboard.a(WaveDAC8_1_VDAC8.o)
                0x000016d4                WaveDAC8_1_VDAC8_SetValue
 .text.WaveDAC8_1_VDAC8_DacTrim
                0x000016e0       0x24 .\CortexM3\ARM_GCC_493\Debug\Dashboard.a(WaveDAC8_1_VDAC8.o)
                0x000016e0                WaveDAC8_1_VDAC8_DacTrim
 .text.WaveDAC8_1_VDAC8_SetRange
                0x00001704       0x20 .\CortexM3\ARM_GCC_493\Debug\Dashboard.a(WaveDAC8_1_VDAC8.o)
                0x00001704                WaveDAC8_1_VDAC8_SetRange
 .text.WaveDAC8_1_VDAC8_Init
                0x00001724       0x2c .\CortexM3\ARM_GCC_493\Debug\Dashboard.a(WaveDAC8_1_VDAC8.o)
                0x00001724                WaveDAC8_1_VDAC8_Init
 .text.RGB3_1_Write
                0x00001750       0x18 .\CortexM3\ARM_GCC_493\Debug\Dashboard.a(RGB3_1.o)
                0x00001750                RGB3_1_Write
 .text.RGB2_1_Write
                0x00001768       0x18 .\CortexM3\ARM_GCC_493\Debug\Dashboard.a(RGB2_1.o)
                0x00001768                RGB2_1_Write
 .text.RGB1_1_Write
                0x00001780       0x18 .\CortexM3\ARM_GCC_493\Debug\Dashboard.a(RGB1_1.o)
                0x00001780                RGB1_1_Write
 .text.RGB3_2_Write
                0x00001798       0x18 .\CortexM3\ARM_GCC_493\Debug\Dashboard.a(RGB3_2.o)
                0x00001798                RGB3_2_Write
 .text.RGB2_2_Write
                0x000017b0       0x18 .\CortexM3\ARM_GCC_493\Debug\Dashboard.a(RGB2_2.o)
                0x000017b0                RGB2_2_Write
 .text.RGB1_2_Write
                0x000017c8       0x18 .\CortexM3\ARM_GCC_493\Debug\Dashboard.a(RGB1_2.o)
                0x000017c8                RGB1_2_Write
 .text          0x000017e0       0x20 .\CortexM3\ARM_GCC_493\Debug\Dashboard.a(CyBootAsmGnu.o)
                0x000017e0                CyDelayCycles
                0x000017f0                CyEnterCriticalSection
                0x000017f8                CyExitCriticalSection
 .text.__libc_init_array
                0x00001800       0x4c c:/program files (x86)/cypress/psoc creator/4.0/psoc creator/import/gnu/arm/4.9.3/bin/../lib/gcc/arm-none-eabi/4.9.3/../../../../arm-none-eabi/lib/armv7-m\libg_nano.a(lib_a-init.o)
                0x00001800                __libc_init_array
 .text.memcpy   0x0000184c       0x16 c:/program files (x86)/cypress/psoc creator/4.0/psoc creator/import/gnu/arm/4.9.3/bin/../lib/gcc/arm-none-eabi/4.9.3/../../../../arm-none-eabi/lib/armv7-m\libg_nano.a(lib_a-memcpy.o)
                0x0000184c                memcpy
 .text.memset   0x00001862       0x10 c:/program files (x86)/cypress/psoc creator/4.0/psoc creator/import/gnu/arm/4.9.3/bin/../lib/gcc/arm-none-eabi/4.9.3/../../../../arm-none-eabi/lib/armv7-m\libg_nano.a(lib_a-memset.o)
                0x00001862                memset
 *(.plt)
 *(.gnu.warning)
 *(.glue_7t)
 .glue_7t       0x00000000        0x0 linker stubs
 *(.glue_7)
 .glue_7        0x00000000        0x0 linker stubs
 *(.vfp11_veneer)
 .vfp11_veneer  0x00000000        0x0 linker stubs
 *(.bootloader)
 *(.ARM.extab* .gnu.linkonce.armextab.*)
 *(.gcc_except_table)

.v4_bx          0x00001874        0x0
 .v4_bx         0x00000000        0x0 linker stubs

.iplt           0x00001874        0x0
 .iplt          0x00000000        0x0 c:/program files (x86)/cypress/psoc creator/4.0/psoc creator/import/gnu/arm/4.9.3/bin/../lib/gcc/arm-none-eabi/4.9.3/armv7-m/crtbegin.o

.eh_frame_hdr
 *(.eh_frame_hdr)

.eh_frame       0x00001874        0x4
 *(.eh_frame)
 .eh_frame      0x00001874        0x0 c:/program files (x86)/cypress/psoc creator/4.0/psoc creator/import/gnu/arm/4.9.3/bin/../lib/gcc/arm-none-eabi/4.9.3/armv7-m/crtbegin.o
 .eh_frame      0x00001874        0x4 c:/program files (x86)/cypress/psoc creator/4.0/psoc creator/import/gnu/arm/4.9.3/bin/../lib/gcc/arm-none-eabi/4.9.3/armv7-m/crtend.o
                0x00001878                PROVIDE (__exidx_start, .)

.ARM.exidx
 *(.ARM.exidx* .gnu.linkonce.armexidx.*)
                0x00001878                __exidx_end = .

.rodata         0x00001878      0x268
 *(.rodata .rodata.* .gnu.linkonce.r.*)
 .rodata        0x00001878       0x38 .\CortexM3\ARM_GCC_493\Debug\Dashboard.a(cyfitter_cfg.o)
 .rodata        0x000018b0      0x160 .\CortexM3\ARM_GCC_493\Debug\Dashboard.a(CAN.o)
 .rodata        0x00001a10       0x98 .\CortexM3\ARM_GCC_493\Debug\Dashboard.a(WaveDAC8_1.o)
                0x00001a10                WaveDAC8_1_wave1
                0x00001a44                WaveDAC8_1_wave2
                0x00001aa8                . = ALIGN (0x4)
 *(.init)
 .init          0x00001aa8        0x4 c:/program files (x86)/cypress/psoc creator/4.0/psoc creator/import/gnu/arm/4.9.3/bin/../lib/gcc/arm-none-eabi/4.9.3/armv7-m/crti.o
                0x00001aa8                _init
 .init          0x00001aac        0x8 c:/program files (x86)/cypress/psoc creator/4.0/psoc creator/import/gnu/arm/4.9.3/bin/../lib/gcc/arm-none-eabi/4.9.3/armv7-m/crtn.o
                0x00001ab4                . = ALIGN (0x4)
                0x00001ab4                __preinit_array_start = .
 *(.preinit_array)
                0x00001ab4                __preinit_array_end = .
                0x00001ab4                . = ALIGN (0x4)
                0x00001ab4                __init_array_start = .
 *(SORT(.init_array.*))
 *(.init_array)
 .init_array    0x00001ab4        0x4 c:/program files (x86)/cypress/psoc creator/4.0/psoc creator/import/gnu/arm/4.9.3/bin/../lib/gcc/arm-none-eabi/4.9.3/armv7-m/crtbegin.o
 .init_array    0x00001ab8        0x4 .\CortexM3\ARM_GCC_493\Debug\Cm3Start.o
                0x00001abc                __init_array_end = .
                0x00001abc                . = ALIGN (0x4)
 *(.fini)
 .fini          0x00001abc        0x4 c:/program files (x86)/cypress/psoc creator/4.0/psoc creator/import/gnu/arm/4.9.3/bin/../lib/gcc/arm-none-eabi/4.9.3/armv7-m/crti.o
                0x00001abc                _fini
 .fini          0x00001ac0        0x8 c:/program files (x86)/cypress/psoc creator/4.0/psoc creator/import/gnu/arm/4.9.3/bin/../lib/gcc/arm-none-eabi/4.9.3/armv7-m/crtn.o
                0x00001ac8                . = ALIGN (0x4)
                0x00001ac8                __fini_array_start = .
 *(.fini_array)
 .fini_array    0x00001ac8        0x4 c:/program files (x86)/cypress/psoc creator/4.0/psoc creator/import/gnu/arm/4.9.3/bin/../lib/gcc/arm-none-eabi/4.9.3/armv7-m/crtbegin.o
 *(SORT(.fini_array.*))
                0x00001acc                __fini_array_end = .
                0x00001acc                . = ALIGN (0x4)
 *crtbegin.o(.ctors)
 *(EXCLUDE_FILE(*crtend.o) .ctors)
 *(SORT(.ctors.*))
 *crtend.o(.ctors)
                0x00001acc                . = ALIGN (0x4)
 *crtbegin.o(.dtors)
 *(EXCLUDE_FILE(*crtend.o) .dtors)
 *(SORT(.dtors.*))
 *crtend.o(.dtors)
                0x00001acc                . = ALIGN (0x4)
                0x00001acc                __cy_regions = .
                0x00001acc        0x4 LONG 0x1ae0 __cy_region_init_ram
                0x00001ad0        0x4 LONG 0x1fff8108 __cy_region_start_data
                0x00001ad4        0x4 LONG 0x20 __cy_region_init_size_ram
                0x00001ad8        0x4 LONG 0x4038 __cy_region_zero_size_ram
                0x00001adc                __cy_regions_end = .
                0x00001ae0                . = ALIGN (0x8)
 *fill*         0x00001adc        0x4 
                0x00001ae0                _etext = .

.cy_checksum_exclude
                0x00001ae0        0x0
 *(.cy_checksum_exclude)

.ramvectors     0x1fff8000      0x100
                0x1fff8000                __cy_region_start_ram = .
 *(.ramvectors)
 .ramvectors    0x1fff8000      0x100 .\CortexM3\ARM_GCC_493\Debug\Cm3Start.o
                0x1fff8000                CyRamVectors

.noinit         0x1fff8100        0x5
 *(.noinit)
 .noinit        0x1fff8100        0x4 .\CortexM3\ARM_GCC_493\Debug\Cm3Start.o
 .noinit        0x1fff8104        0x1 .\CortexM3\ARM_GCC_493\Debug\Dashboard.a(CyLib.o)
                0x1fff8104                CyResetStatus

.data           0x1fff8108       0x20 load address 0x00001ae0
                0x1fff8108                __cy_region_start_data = .
 *(.jcr)
 .jcr           0x1fff8108        0x0 c:/program files (x86)/cypress/psoc creator/4.0/psoc creator/import/gnu/arm/4.9.3/bin/../lib/gcc/arm-none-eabi/4.9.3/armv7-m/crtbegin.o
 .jcr           0x1fff8108        0x4 c:/program files (x86)/cypress/psoc creator/4.0/psoc creator/import/gnu/arm/4.9.3/bin/../lib/gcc/arm-none-eabi/4.9.3/armv7-m/crtend.o
 *(.got.plt)
 *(.got)
 *(.shdata)
 *(.data .data.* .gnu.linkonce.d.*)
 .data          0x1fff810c        0x8 .\CortexM3\ARM_GCC_493\Debug\Dashboard.a(CyDmac.o)
 .data          0x1fff8114       0x10 .\CortexM3\ARM_GCC_493\Debug\Dashboard.a(CyLib.o)
                0x1fff8114                cydelay_32k_ms
                0x1fff8118                cydelay_freq_khz
                0x1fff811c                cydelay_freq_mhz
                0x1fff8120                cydelay_freq_hz
 .data          0x1fff8124        0x1 .\CortexM3\ARM_GCC_493\Debug\Dashboard.a(WaveDAC8_1_Wave1_DMA_dma.o)
                0x1fff8124                WaveDAC8_1_Wave1_DMA_DmaHandle
 .data          0x1fff8125        0x1 .\CortexM3\ARM_GCC_493\Debug\Dashboard.a(WaveDAC8_1_Wave2_DMA_dma.o)
                0x1fff8125                WaveDAC8_1_Wave2_DMA_DmaHandle
                0x1fff8128                . = ALIGN (0x8)
 *fill*         0x1fff8126        0x2 
 *(.ram)
                0x1fff8128                _edata = .

.igot.plt       0x1fff8128        0x0 load address 0x00001b00
 .igot.plt      0x00000000        0x0 c:/program files (x86)/cypress/psoc creator/4.0/psoc creator/import/gnu/arm/4.9.3/bin/../lib/gcc/arm-none-eabi/4.9.3/armv7-m/crtbegin.o

.bss            0x1fff8128     0x4038 load address 0x00001b00
                0x1fff8128                PROVIDE (__bss_start__, .)
 *(.shbss)
 *(.bss .bss.* .gnu.linkonce.b.*)
 .bss           0x1fff8128       0x1c c:/program files (x86)/cypress/psoc creator/4.0/psoc creator/import/gnu/arm/4.9.3/bin/../lib/gcc/arm-none-eabi/4.9.3/armv7-m/crtbegin.o
 .bss           0x1fff8144        0x8 .\CortexM3\ARM_GCC_493\Debug\main.o
                0x1fff8144                CAPACITOR_VOLT
                0x1fff8146                ACK_RX
                0x1fff8148                DriveSwitch
                0x1fff8149                HVSwitch
                0x1fff814a                CURTIS_HEART_BEAT_CHECK
                0x1fff814b                CURTIS_FAULT_CHECK
 .bss           0x1fff814c        0x4 .\CortexM3\ARM_GCC_493\Debug\can_manager.o
                0x1fff814c                can_head
                0x1fff814e                can_tail
 .bss           0x1fff8150        0x1 .\CortexM3\ARM_GCC_493\Debug\Dashboard.a(CAN.o)
                0x1fff8150                CAN_initVar
 .bss           0x1fff8151        0x2 .\CortexM3\ARM_GCC_493\Debug\Dashboard.a(LCD.o)
                0x1fff8151                LCD_enableState
                0x1fff8152                LCD_initVar
 .bss           0x1fff8153        0x5 .\CortexM3\ARM_GCC_493\Debug\Dashboard.a(WaveDAC8_1.o)
                0x1fff8157                WaveDAC8_1_initVar
 *(COMMON)
 COMMON         0x1fff8158     0x4008 .\CortexM3\ARM_GCC_493\Debug\can_manager.o
                0x1fff8158                can_queue
                0x1fffc158                can_buffer
                0x1fffc160                . = ALIGN (0x8)
 *(.ram.b)
                0x1fffc160                _end = .
                0x1fffc160                __end = .
                0x1fffc160                PROVIDE (end, .)
                0x1fffc160                PROVIDE (__bss_end__, .)
                0x00001ae0                __cy_region_init_ram = LOADADDR (.data)
                0x00000020                __cy_region_init_size_ram = (_edata - ADDR (.data))
                0x00004038                __cy_region_zero_size_ram = (_end - _edata)

.heap           0x1fffc160       0x80 load address 0x00001b00
                0x1fffc160                . = _end
                0x1fffc1e0                . = (. + 0x80)
 *fill*         0x1fffc160       0x80 
                0x1fffc1e0                __cy_heap_limit = .

.stack          0x20007800      0x800
                0x20007800                __cy_stack_limit = .
                0x20008000                . = (. + 0x800)
 *fill*         0x20007800      0x800 
                0x00000001                ASSERT ((__cy_stack_limit >= __cy_heap_limit), region RAM overflowed with stack)
                0x00000000                cy_checksum_exclude_size = (CY_APPL_LOADABLE == 0x1)?SIZEOF (.cy_checksum_exclude):0x0
                0x00000001                ASSERT ((cy_checksum_exclude_size <= CY_CHECKSUM_EXCLUDE_SIZE), CY_BOOT: Section .cy_checksum_exclude size exceedes specified limit.)

.cyloadermeta
 *(.cyloadermeta)

.cyloadablemeta
 *(.cyloadablemeta)

.cyconfigecc    0x80000000      0x108
 *(.cyconfigecc)
 .cyconfigecc   0x80000000      0x108 .\CortexM3\ARM_GCC_493\Debug\cymetadata.o
                0x80000000                cy_meta_configecc

.cycustnvl      0x90000000        0x4
 *(.cycustnvl)
 .cycustnvl     0x90000000        0x4 .\CortexM3\ARM_GCC_493\Debug\cymetadata.o
                0x90000000                cy_meta_custnvl

.cywolatch      0x90100000        0x4
 *(.cywolatch)
 .cywolatch     0x90100000        0x4 .\CortexM3\ARM_GCC_493\Debug\cymetadata.o
                0x90100000                cy_meta_wonvl

.cyeeprom       0x90200000        0x0
 *(.cyeeprom)
                0x00000001                ASSERT ((. <= ((0x90200000 + ee_offset) + ee_size)), .cyeeprom data will not fit in EEPROM)

.cyflashprotect
                0x90400000      0x100
 *(.cyflashprotect)
 .cyflashprotect
                0x90400000      0x100 .\CortexM3\ARM_GCC_493\Debug\cymetadata.o
                0x90400000                cy_meta_flashprotect

.cymeta         0x90500000        0xc
 *(.cymeta)
 .cymeta        0x90500000        0xc .\CortexM3\ARM_GCC_493\Debug\cymetadata.o
                0x90500000                cy_metadata

.rel.dyn        0x00001b00        0x0 load address 0x9050000c
 .rel.iplt      0x00000000        0x0 c:/program files (x86)/cypress/psoc creator/4.0/psoc creator/import/gnu/arm/4.9.3/bin/../lib/gcc/arm-none-eabi/4.9.3/armv7-m/crtbegin.o

.stab
 *(.stab)

.stabstr
 *(.stabstr)

.debug
 *(.debug)

.line
 *(.line)

.debug_srcinfo
 *(.debug_srcinfo)

.debug_sfnames
 *(.debug_sfnames)

.debug_aranges  0x00000000      0xbc0
 *(.debug_aranges)
 .debug_aranges
                0x00000000       0x30 .\CortexM3\ARM_GCC_493\Debug\main.o
 .debug_aranges
                0x00000030       0x28 .\CortexM3\ARM_GCC_493\Debug\can_manager.o
 .debug_aranges
                0x00000058       0x68 .\CortexM3\ARM_GCC_493\Debug\can_manga.o
 .debug_aranges
                0x000000c0       0x18 .\CortexM3\ARM_GCC_493\Debug\cymetadata.o
 .debug_aranges
                0x000000d8       0x48 .\CortexM3\ARM_GCC_493\Debug\Cm3Start.o
 .debug_aranges
                0x00000120       0x58 .\CortexM3\ARM_GCC_493\Debug\Dashboard.a(cyfitter_cfg.o)
 .debug_aranges
                0x00000178       0xc8 .\CortexM3\ARM_GCC_493\Debug\Dashboard.a(CAN.o)
 .debug_aranges
                0x00000240       0x28 .\CortexM3\ARM_GCC_493\Debug\Dashboard.a(CAN_INT.o)
 .debug_aranges
                0x00000268       0x40 .\CortexM3\ARM_GCC_493\Debug\Dashboard.a(CAN_TX_RX_func.o)
 .debug_aranges
                0x000002a8       0x98 .\CortexM3\ARM_GCC_493\Debug\Dashboard.a(LCD.o)
 .debug_aranges
                0x00000340       0xd8 .\CortexM3\ARM_GCC_493\Debug\Dashboard.a(CyDmac.o)
 .debug_aranges
                0x00000418      0x298 .\CortexM3\ARM_GCC_493\Debug\Dashboard.a(CyLib.o)
 .debug_aranges
                0x000006b0       0x98 .\CortexM3\ARM_GCC_493\Debug\Dashboard.a(cyPm.o)
 .debug_aranges
                0x00000748       0x38 .\CortexM3\ARM_GCC_493\Debug\Dashboard.a(Buzzer.o)
 .debug_aranges
                0x00000780       0x38 .\CortexM3\ARM_GCC_493\Debug\Dashboard.a(HV.o)
 .debug_aranges
                0x000007b8       0x38 .\CortexM3\ARM_GCC_493\Debug\Dashboard.a(Drive.o)
 .debug_aranges
                0x000007f0       0x50 .\CortexM3\ARM_GCC_493\Debug\Dashboard.a(WaveDAC8_1.o)
 .debug_aranges
                0x00000840       0x70 .\CortexM3\ARM_GCC_493\Debug\Dashboard.a(WaveDAC8_1_DacClk.o)
 .debug_aranges
                0x000008b0       0x28 .\CortexM3\ARM_GCC_493\Debug\Dashboard.a(WaveDAC8_1_Wave1_DMA_dma.o)
 .debug_aranges
                0x000008d8       0x28 .\CortexM3\ARM_GCC_493\Debug\Dashboard.a(WaveDAC8_1_Wave2_DMA_dma.o)
 .debug_aranges
                0x00000900       0x58 .\CortexM3\ARM_GCC_493\Debug\Dashboard.a(WaveDAC8_1_VDAC8.o)
 .debug_aranges
                0x00000958       0x38 .\CortexM3\ARM_GCC_493\Debug\Dashboard.a(RGB3_1.o)
 .debug_aranges
                0x00000990       0x38 .\CortexM3\ARM_GCC_493\Debug\Dashboard.a(RGB2_1.o)
 .debug_aranges
                0x000009c8       0x38 .\CortexM3\ARM_GCC_493\Debug\Dashboard.a(RGB1_1.o)
 .debug_aranges
                0x00000a00       0x38 .\CortexM3\ARM_GCC_493\Debug\Dashboard.a(RGB3_2.o)
 .debug_aranges
                0x00000a38       0x38 .\CortexM3\ARM_GCC_493\Debug\Dashboard.a(RGB2_2.o)
 .debug_aranges
                0x00000a70       0x38 .\CortexM3\ARM_GCC_493\Debug\Dashboard.a(RGB1_2.o)
 .debug_aranges
                0x00000aa8       0x20 .\CortexM3\ARM_GCC_493\Debug\Dashboard.a(CyBootAsmGnu.o)
 .debug_aranges
                0x00000ac8       0x80 .\CortexM3\ARM_GCC_493\Debug\Dashboard.a(CyFlash.o)
 .debug_aranges
                0x00000b48       0x78 .\CortexM3\ARM_GCC_493\Debug\Dashboard.a(CySpc.o)

.debug_pubnames
 *(.debug_pubnames)

.debug_info     0x00000000     0x81e0
 *(.debug_info .gnu.linkonce.wi.*)
 .debug_info    0x00000000      0xe18 .\CortexM3\ARM_GCC_493\Debug\main.o
 .debug_info    0x00000e18      0x2ec .\CortexM3\ARM_GCC_493\Debug\can_manager.o
 .debug_info    0x00001104      0x509 .\CortexM3\ARM_GCC_493\Debug\can_manga.o
 .debug_info    0x0000160d      0x13b .\CortexM3\ARM_GCC_493\Debug\cymetadata.o
 .debug_info    0x00001748      0x3b5 .\CortexM3\ARM_GCC_493\Debug\Cm3Start.o
 .debug_info    0x00001afd      0x57a .\CortexM3\ARM_GCC_493\Debug\Dashboard.a(cyfitter_cfg.o)
 .debug_info    0x00002077      0x923 .\CortexM3\ARM_GCC_493\Debug\Dashboard.a(CAN.o)
 .debug_info    0x0000299a      0x209 .\CortexM3\ARM_GCC_493\Debug\Dashboard.a(CAN_INT.o)
 .debug_info    0x00002ba3      0x475 .\CortexM3\ARM_GCC_493\Debug\Dashboard.a(CAN_TX_RX_func.o)
 .debug_info    0x00003018      0x716 .\CortexM3\ARM_GCC_493\Debug\Dashboard.a(LCD.o)
 .debug_info    0x0000372e      0x944 .\CortexM3\ARM_GCC_493\Debug\Dashboard.a(CyDmac.o)
 .debug_info    0x00004072     0x1371 .\CortexM3\ARM_GCC_493\Debug\Dashboard.a(CyLib.o)
 .debug_info    0x000053e3      0xa58 .\CortexM3\ARM_GCC_493\Debug\Dashboard.a(cyPm.o)
 .debug_info    0x00005e3b      0x11f .\CortexM3\ARM_GCC_493\Debug\Dashboard.a(Buzzer.o)
 .debug_info    0x00005f5a      0x11f .\CortexM3\ARM_GCC_493\Debug\Dashboard.a(HV.o)
 .debug_info    0x00006079      0x11f .\CortexM3\ARM_GCC_493\Debug\Dashboard.a(Drive.o)
 .debug_info    0x00006198      0x5a0 .\CortexM3\ARM_GCC_493\Debug\Dashboard.a(WaveDAC8_1.o)
 .debug_info    0x00006738      0x283 .\CortexM3\ARM_GCC_493\Debug\Dashboard.a(WaveDAC8_1_DacClk.o)
 .debug_info    0x000069bb      0x1fd .\CortexM3\ARM_GCC_493\Debug\Dashboard.a(WaveDAC8_1_Wave1_DMA_dma.o)
 .debug_info    0x00006bb8      0x1fd .\CortexM3\ARM_GCC_493\Debug\Dashboard.a(WaveDAC8_1_Wave2_DMA_dma.o)
 .debug_info    0x00006db5      0x1de .\CortexM3\ARM_GCC_493\Debug\Dashboard.a(WaveDAC8_1_VDAC8.o)
 .debug_info    0x00006f93      0x11f .\CortexM3\ARM_GCC_493\Debug\Dashboard.a(RGB3_1.o)
 .debug_info    0x000070b2      0x121 .\CortexM3\ARM_GCC_493\Debug\Dashboard.a(RGB2_1.o)
 .debug_info    0x000071d3      0x11f .\CortexM3\ARM_GCC_493\Debug\Dashboard.a(RGB1_1.o)
 .debug_info    0x000072f2      0x11f .\CortexM3\ARM_GCC_493\Debug\Dashboard.a(RGB3_2.o)
 .debug_info    0x00007411      0x11f .\CortexM3\ARM_GCC_493\Debug\Dashboard.a(RGB2_2.o)
 .debug_info    0x00007530      0x121 .\CortexM3\ARM_GCC_493\Debug\Dashboard.a(RGB1_2.o)
 .debug_info    0x00007651       0x95 .\CortexM3\ARM_GCC_493\Debug\Dashboard.a(CyBootAsmGnu.o)
 .debug_info    0x000076e6      0x60a .\CortexM3\ARM_GCC_493\Debug\Dashboard.a(CyFlash.o)
 .debug_info    0x00007cf0      0x4f0 .\CortexM3\ARM_GCC_493\Debug\Dashboard.a(CySpc.o)

.debug_abbrev   0x00000000     0x244c
 *(.debug_abbrev)
 .debug_abbrev  0x00000000      0x258 .\CortexM3\ARM_GCC_493\Debug\main.o
 .debug_abbrev  0x00000258      0x189 .\CortexM3\ARM_GCC_493\Debug\can_manager.o
 .debug_abbrev  0x000003e1      0x1b0 .\CortexM3\ARM_GCC_493\Debug\can_manga.o
 .debug_abbrev  0x00000591       0x66 .\CortexM3\ARM_GCC_493\Debug\cymetadata.o
 .debug_abbrev  0x000005f7      0x20f .\CortexM3\ARM_GCC_493\Debug\Cm3Start.o
 .debug_abbrev  0x00000806      0x203 .\CortexM3\ARM_GCC_493\Debug\Dashboard.a(cyfitter_cfg.o)
 .debug_abbrev  0x00000a09      0x1de .\CortexM3\ARM_GCC_493\Debug\Dashboard.a(CAN.o)
 .debug_abbrev  0x00000be7       0xdc .\CortexM3\ARM_GCC_493\Debug\Dashboard.a(CAN_INT.o)
 .debug_abbrev  0x00000cc3      0x1c0 .\CortexM3\ARM_GCC_493\Debug\Dashboard.a(CAN_TX_RX_func.o)
 .debug_abbrev  0x00000e83      0x171 .\CortexM3\ARM_GCC_493\Debug\Dashboard.a(LCD.o)
 .debug_abbrev  0x00000ff4      0x1cc .\CortexM3\ARM_GCC_493\Debug\Dashboard.a(CyDmac.o)
 .debug_abbrev  0x000011c0      0x296 .\CortexM3\ARM_GCC_493\Debug\Dashboard.a(CyLib.o)
 .debug_abbrev  0x00001456      0x1ed .\CortexM3\ARM_GCC_493\Debug\Dashboard.a(cyPm.o)
 .debug_abbrev  0x00001643       0x90 .\CortexM3\ARM_GCC_493\Debug\Dashboard.a(Buzzer.o)
 .debug_abbrev  0x000016d3       0x90 .\CortexM3\ARM_GCC_493\Debug\Dashboard.a(HV.o)
 .debug_abbrev  0x00001763       0x90 .\CortexM3\ARM_GCC_493\Debug\Dashboard.a(Drive.o)
 .debug_abbrev  0x000017f3      0x14d .\CortexM3\ARM_GCC_493\Debug\Dashboard.a(WaveDAC8_1.o)
 .debug_abbrev  0x00001940      0x139 .\CortexM3\ARM_GCC_493\Debug\Dashboard.a(WaveDAC8_1_DacClk.o)
 .debug_abbrev  0x00001a79       0xeb .\CortexM3\ARM_GCC_493\Debug\Dashboard.a(WaveDAC8_1_Wave1_DMA_dma.o)
 .debug_abbrev  0x00001b64       0xeb .\CortexM3\ARM_GCC_493\Debug\Dashboard.a(WaveDAC8_1_Wave2_DMA_dma.o)
 .debug_abbrev  0x00001c4f       0xf7 .\CortexM3\ARM_GCC_493\Debug\Dashboard.a(WaveDAC8_1_VDAC8.o)
 .debug_abbrev  0x00001d46       0x90 .\CortexM3\ARM_GCC_493\Debug\Dashboard.a(RGB3_1.o)
 .debug_abbrev  0x00001dd6       0x90 .\CortexM3\ARM_GCC_493\Debug\Dashboard.a(RGB2_1.o)
 .debug_abbrev  0x00001e66       0x90 .\CortexM3\ARM_GCC_493\Debug\Dashboard.a(RGB1_1.o)
 .debug_abbrev  0x00001ef6       0x90 .\CortexM3\ARM_GCC_493\Debug\Dashboard.a(RGB3_2.o)
 .debug_abbrev  0x00001f86       0x90 .\CortexM3\ARM_GCC_493\Debug\Dashboard.a(RGB2_2.o)
 .debug_abbrev  0x00002016       0x90 .\CortexM3\ARM_GCC_493\Debug\Dashboard.a(RGB1_2.o)
 .debug_abbrev  0x000020a6       0x14 .\CortexM3\ARM_GCC_493\Debug\Dashboard.a(CyBootAsmGnu.o)
 .debug_abbrev  0x000020ba      0x1d1 .\CortexM3\ARM_GCC_493\Debug\Dashboard.a(CyFlash.o)
 .debug_abbrev  0x0000228b      0x1c1 .\CortexM3\ARM_GCC_493\Debug\Dashboard.a(CySpc.o)

.debug_line     0x00000000     0x317d
 *(.debug_line)
 .debug_line    0x00000000      0x33f .\CortexM3\ARM_GCC_493\Debug\main.o
 .debug_line    0x0000033f      0x1c6 .\CortexM3\ARM_GCC_493\Debug\can_manager.o
 .debug_line    0x00000505      0x26c .\CortexM3\ARM_GCC_493\Debug\can_manga.o
 .debug_line    0x00000771       0x51 .\CortexM3\ARM_GCC_493\Debug\cymetadata.o
 .debug_line    0x000007c2      0x252 .\CortexM3\ARM_GCC_493\Debug\Cm3Start.o
 .debug_line    0x00000a14      0x1e5 .\CortexM3\ARM_GCC_493\Debug\Dashboard.a(cyfitter_cfg.o)
 .debug_line    0x00000bf9      0x37e .\CortexM3\ARM_GCC_493\Debug\Dashboard.a(CAN.o)
 .debug_line    0x00000f77       0x9c .\CortexM3\ARM_GCC_493\Debug\Dashboard.a(CAN_INT.o)
 .debug_line    0x00001013      0x2a3 .\CortexM3\ARM_GCC_493\Debug\Dashboard.a(CAN_TX_RX_func.o)
 .debug_line    0x000012b6      0x1dc .\CortexM3\ARM_GCC_493\Debug\Dashboard.a(LCD.o)
 .debug_line    0x00001492      0x2e3 .\CortexM3\ARM_GCC_493\Debug\Dashboard.a(CyDmac.o)
 .debug_line    0x00001775      0x804 .\CortexM3\ARM_GCC_493\Debug\Dashboard.a(CyLib.o)
 .debug_line    0x00001f79      0x364 .\CortexM3\ARM_GCC_493\Debug\Dashboard.a(cyPm.o)
 .debug_line    0x000022dd       0x93 .\CortexM3\ARM_GCC_493\Debug\Dashboard.a(Buzzer.o)
 .debug_line    0x00002370       0x8f .\CortexM3\ARM_GCC_493\Debug\Dashboard.a(HV.o)
 .debug_line    0x000023ff       0x92 .\CortexM3\ARM_GCC_493\Debug\Dashboard.a(Drive.o)
 .debug_line    0x00002491      0x160 .\CortexM3\ARM_GCC_493\Debug\Dashboard.a(WaveDAC8_1.o)
 .debug_line    0x000025f1      0x180 .\CortexM3\ARM_GCC_493\Debug\Dashboard.a(WaveDAC8_1_DacClk.o)
 .debug_line    0x00002771       0x91 .\CortexM3\ARM_GCC_493\Debug\Dashboard.a(WaveDAC8_1_Wave1_DMA_dma.o)
 .debug_line    0x00002802       0x91 .\CortexM3\ARM_GCC_493\Debug\Dashboard.a(WaveDAC8_1_Wave2_DMA_dma.o)
 .debug_line    0x00002893       0xec .\CortexM3\ARM_GCC_493\Debug\Dashboard.a(WaveDAC8_1_VDAC8.o)
 .debug_line    0x0000297f       0x93 .\CortexM3\ARM_GCC_493\Debug\Dashboard.a(RGB3_1.o)
 .debug_line    0x00002a12       0x93 .\CortexM3\ARM_GCC_493\Debug\Dashboard.a(RGB2_1.o)
 .debug_line    0x00002aa5       0x93 .\CortexM3\ARM_GCC_493\Debug\Dashboard.a(RGB1_1.o)
 .debug_line    0x00002b38       0x93 .\CortexM3\ARM_GCC_493\Debug\Dashboard.a(RGB3_2.o)
 .debug_line    0x00002bcb       0x93 .\CortexM3\ARM_GCC_493\Debug\Dashboard.a(RGB2_2.o)
 .debug_line    0x00002c5e       0x93 .\CortexM3\ARM_GCC_493\Debug\Dashboard.a(RGB1_2.o)
 .debug_line    0x00002cf1       0x66 .\CortexM3\ARM_GCC_493\Debug\Dashboard.a(CyBootAsmGnu.o)
 .debug_line    0x00002d57      0x1ea .\CortexM3\ARM_GCC_493\Debug\Dashboard.a(CyFlash.o)
 .debug_line    0x00002f41      0x23c .\CortexM3\ARM_GCC_493\Debug\Dashboard.a(CySpc.o)

.debug_frame    0x00000000     0x1c88
 *(.debug_frame)
 .debug_frame   0x00000000       0x74 .\CortexM3\ARM_GCC_493\Debug\main.o
 .debug_frame   0x00000074       0x64 .\CortexM3\ARM_GCC_493\Debug\can_manager.o
 .debug_frame   0x000000d8      0x108 .\CortexM3\ARM_GCC_493\Debug\can_manga.o
 .debug_frame   0x000001e0       0xac .\CortexM3\ARM_GCC_493\Debug\Cm3Start.o
 .debug_frame   0x0000028c       0xe4 .\CortexM3\ARM_GCC_493\Debug\Dashboard.a(cyfitter_cfg.o)
 .debug_frame   0x00000370      0x1cc .\CortexM3\ARM_GCC_493\Debug\Dashboard.a(CAN.o)
 .debug_frame   0x0000053c       0x4c .\CortexM3\ARM_GCC_493\Debug\Dashboard.a(CAN_INT.o)
 .debug_frame   0x00000588       0x8c .\CortexM3\ARM_GCC_493\Debug\Dashboard.a(CAN_TX_RX_func.o)
 .debug_frame   0x00000614      0x1e4 .\CortexM3\ARM_GCC_493\Debug\Dashboard.a(LCD.o)
 .debug_frame   0x000007f8      0x1f4 .\CortexM3\ARM_GCC_493\Debug\Dashboard.a(CyDmac.o)
 .debug_frame   0x000009ec      0x728 .\CortexM3\ARM_GCC_493\Debug\Dashboard.a(CyLib.o)
 .debug_frame   0x00001114      0x1f8 .\CortexM3\ARM_GCC_493\Debug\Dashboard.a(cyPm.o)
 .debug_frame   0x0000130c       0x50 .\CortexM3\ARM_GCC_493\Debug\Dashboard.a(Buzzer.o)
 .debug_frame   0x0000135c       0x50 .\CortexM3\ARM_GCC_493\Debug\Dashboard.a(HV.o)
 .debug_frame   0x000013ac       0x50 .\CortexM3\ARM_GCC_493\Debug\Dashboard.a(Drive.o)
 .debug_frame   0x000013fc       0xe0 .\CortexM3\ARM_GCC_493\Debug\Dashboard.a(WaveDAC8_1.o)
 .debug_frame   0x000014dc       0xe0 .\CortexM3\ARM_GCC_493\Debug\Dashboard.a(WaveDAC8_1_DacClk.o)
 .debug_frame   0x000015bc       0x54 .\CortexM3\ARM_GCC_493\Debug\Dashboard.a(WaveDAC8_1_Wave1_DMA_dma.o)
 .debug_frame   0x00001610       0x54 .\CortexM3\ARM_GCC_493\Debug\Dashboard.a(WaveDAC8_1_Wave2_DMA_dma.o)
 .debug_frame   0x00001664       0xb4 .\CortexM3\ARM_GCC_493\Debug\Dashboard.a(WaveDAC8_1_VDAC8.o)
 .debug_frame   0x00001718       0x50 .\CortexM3\ARM_GCC_493\Debug\Dashboard.a(RGB3_1.o)
 .debug_frame   0x00001768       0x50 .\CortexM3\ARM_GCC_493\Debug\Dashboard.a(RGB2_1.o)
 .debug_frame   0x000017b8       0x50 .\CortexM3\ARM_GCC_493\Debug\Dashboard.a(RGB1_1.o)
 .debug_frame   0x00001808       0x50 .\CortexM3\ARM_GCC_493\Debug\Dashboard.a(RGB3_2.o)
 .debug_frame   0x00001858       0x50 .\CortexM3\ARM_GCC_493\Debug\Dashboard.a(RGB2_2.o)
 .debug_frame   0x000018a8       0x50 .\CortexM3\ARM_GCC_493\Debug\Dashboard.a(RGB1_2.o)
 .debug_frame   0x000018f8      0x174 .\CortexM3\ARM_GCC_493\Debug\Dashboard.a(CyFlash.o)
 .debug_frame   0x00001a6c      0x160 .\CortexM3\ARM_GCC_493\Debug\Dashboard.a(CySpc.o)
 .debug_frame   0x00001bcc       0x20 c:/program files (x86)/cypress/psoc creator/4.0/psoc creator/import/gnu/arm/4.9.3/bin/../lib/gcc/arm-none-eabi/4.9.3/../../../../arm-none-eabi/lib/armv7-m\libg_nano.a(lib_a-errno.o)
 .debug_frame   0x00001bec       0x28 c:/program files (x86)/cypress/psoc creator/4.0/psoc creator/import/gnu/arm/4.9.3/bin/../lib/gcc/arm-none-eabi/4.9.3/../../../../arm-none-eabi/lib/armv7-m\libg_nano.a(lib_a-exit.o)
 .debug_frame   0x00001c14       0x2c c:/program files (x86)/cypress/psoc creator/4.0/psoc creator/import/gnu/arm/4.9.3/bin/../lib/gcc/arm-none-eabi/4.9.3/../../../../arm-none-eabi/lib/armv7-m\libg_nano.a(lib_a-init.o)
 .debug_frame   0x00001c40       0x28 c:/program files (x86)/cypress/psoc creator/4.0/psoc creator/import/gnu/arm/4.9.3/bin/../lib/gcc/arm-none-eabi/4.9.3/../../../../arm-none-eabi/lib/armv7-m\libg_nano.a(lib_a-memcpy.o)
 .debug_frame   0x00001c68       0x20 c:/program files (x86)/cypress/psoc creator/4.0/psoc creator/import/gnu/arm/4.9.3/bin/../lib/gcc/arm-none-eabi/4.9.3/../../../../arm-none-eabi/lib/armv7-m\libg_nano.a(lib_a-memset.o)

.debug_str      0x00000000     0x26e9
 *(.debug_str)
 .debug_str     0x00000000      0x46f .\CortexM3\ARM_GCC_493\Debug\main.o
                                0x522 (size before relaxing)
 .debug_str     0x0000046f       0x7c .\CortexM3\ARM_GCC_493\Debug\can_manager.o
                                0x2b3 (size before relaxing)
 .debug_str     0x000004eb       0xf2 .\CortexM3\ARM_GCC_493\Debug\can_manga.o
                                0x394 (size before relaxing)
 .debug_str     0x000005dd       0x75 .\CortexM3\ARM_GCC_493\Debug\cymetadata.o
                                0x1ef (size before relaxing)
 .debug_str     0x00000652      0x16e .\CortexM3\ARM_GCC_493\Debug\Cm3Start.o
                                0x313 (size before relaxing)
 .debug_str     0x000007c0      0x155 .\CortexM3\ARM_GCC_493\Debug\Dashboard.a(cyfitter_cfg.o)
                                0x308 (size before relaxing)
 .debug_str     0x00000915      0x28c .\CortexM3\ARM_GCC_493\Debug\Dashboard.a(CAN.o)
                                0x4e7 (size before relaxing)
 .debug_str     0x00000ba1       0x59 .\CortexM3\ARM_GCC_493\Debug\Dashboard.a(CAN_INT.o)
                                0x23e (size before relaxing)
 .debug_str     0x00000bfa       0x81 .\CortexM3\ARM_GCC_493\Debug\Dashboard.a(CAN_TX_RX_func.o)
                                0x340 (size before relaxing)
 .debug_str     0x00000c7b      0x171 .\CortexM3\ARM_GCC_493\Debug\Dashboard.a(LCD.o)
                                0x324 (size before relaxing)
 .debug_str     0x00000dec      0x35f .\CortexM3\ARM_GCC_493\Debug\Dashboard.a(CyDmac.o)
                                0x543 (size before relaxing)
 .debug_str     0x0000114b      0x795 .\CortexM3\ARM_GCC_493\Debug\Dashboard.a(CyLib.o)
                                0xa28 (size before relaxing)
 .debug_str     0x000018e0      0x359 .\CortexM3\ARM_GCC_493\Debug\Dashboard.a(cyPm.o)
                                0x720 (size before relaxing)
 .debug_str     0x00001c39       0x5e .\CortexM3\ARM_GCC_493\Debug\Dashboard.a(Buzzer.o)
                                0x1ec (size before relaxing)
 .debug_str     0x00001c97       0x44 .\CortexM3\ARM_GCC_493\Debug\Dashboard.a(HV.o)
                                0x1d8 (size before relaxing)
 .debug_str     0x00001cdb       0x50 .\CortexM3\ARM_GCC_493\Debug\Dashboard.a(Drive.o)
                                0x1e7 (size before relaxing)
 .debug_str     0x00001d2b      0x244 .\CortexM3\ARM_GCC_493\Debug\Dashboard.a(WaveDAC8_1.o)
                                0x46b (size before relaxing)
 .debug_str     0x00001f6f      0x1ab .\CortexM3\ARM_GCC_493\Debug\Dashboard.a(WaveDAC8_1_DacClk.o)
                                0x36b (size before relaxing)
 .debug_str     0x0000211a       0xac .\CortexM3\ARM_GCC_493\Debug\Dashboard.a(WaveDAC8_1_Wave1_DMA_dma.o)
                                0x2aa (size before relaxing)
 .debug_str     0x000021c6       0x71 .\CortexM3\ARM_GCC_493\Debug\Dashboard.a(WaveDAC8_1_Wave2_DMA_dma.o)
                                0x2aa (size before relaxing)
 .debug_str     0x00002237       0x7f .\CortexM3\ARM_GCC_493\Debug\Dashboard.a(WaveDAC8_1_VDAC8.o)
                                0x292 (size before relaxing)
 .debug_str     0x000022b6       0x53 .\CortexM3\ARM_GCC_493\Debug\Dashboard.a(RGB3_1.o)
                                0x1ec (size before relaxing)
 .debug_str     0x00002309       0x53 .\CortexM3\ARM_GCC_493\Debug\Dashboard.a(RGB2_1.o)
                                0x1ec (size before relaxing)
 .debug_str     0x0000235c       0x53 .\CortexM3\ARM_GCC_493\Debug\Dashboard.a(RGB1_1.o)
                                0x1ec (size before relaxing)
 .debug_str     0x000023af       0x53 .\CortexM3\ARM_GCC_493\Debug\Dashboard.a(RGB3_2.o)
                                0x1ec (size before relaxing)
 .debug_str     0x00002402       0x53 .\CortexM3\ARM_GCC_493\Debug\Dashboard.a(RGB2_2.o)
                                0x1ec (size before relaxing)
 .debug_str     0x00002455       0x53 .\CortexM3\ARM_GCC_493\Debug\Dashboard.a(RGB1_2.o)
                                0x1ec (size before relaxing)
 .debug_str     0x000024a8      0x195 .\CortexM3\ARM_GCC_493\Debug\Dashboard.a(CyFlash.o)
                                0x39a (size before relaxing)
 .debug_str     0x0000263d       0xac .\CortexM3\ARM_GCC_493\Debug\Dashboard.a(CySpc.o)
                                0x323 (size before relaxing)

.debug_loc      0x00000000     0x3e95
 *(.debug_loc)
 .debug_loc     0x00000000      0x275 .\CortexM3\ARM_GCC_493\Debug\main.o
 .debug_loc     0x00000275      0x136 .\CortexM3\ARM_GCC_493\Debug\can_manager.o
 .debug_loc     0x000003ab      0x120 .\CortexM3\ARM_GCC_493\Debug\can_manga.o
 .debug_loc     0x000004cb      0x144 .\CortexM3\ARM_GCC_493\Debug\Cm3Start.o
 .debug_loc     0x0000060f      0x1d7 .\CortexM3\ARM_GCC_493\Debug\Dashboard.a(cyfitter_cfg.o)
 .debug_loc     0x000007e6      0x983 .\CortexM3\ARM_GCC_493\Debug\Dashboard.a(CAN.o)
 .debug_loc     0x00001169       0x54 .\CortexM3\ARM_GCC_493\Debug\Dashboard.a(CAN_INT.o)
 .debug_loc     0x000011bd      0x20d .\CortexM3\ARM_GCC_493\Debug\Dashboard.a(CAN_TX_RX_func.o)
 .debug_loc     0x000013ca      0x3c6 .\CortexM3\ARM_GCC_493\Debug\Dashboard.a(LCD.o)
 .debug_loc     0x00001790      0xb83 .\CortexM3\ARM_GCC_493\Debug\Dashboard.a(CyDmac.o)
 .debug_loc     0x00002313      0xa11 .\CortexM3\ARM_GCC_493\Debug\Dashboard.a(CyLib.o)
 .debug_loc     0x00002d24      0x1e4 .\CortexM3\ARM_GCC_493\Debug\Dashboard.a(cyPm.o)
 .debug_loc     0x00002f08       0x42 .\CortexM3\ARM_GCC_493\Debug\Dashboard.a(Buzzer.o)
 .debug_loc     0x00002f4a       0x42 .\CortexM3\ARM_GCC_493\Debug\Dashboard.a(HV.o)
 .debug_loc     0x00002f8c       0x42 .\CortexM3\ARM_GCC_493\Debug\Dashboard.a(Drive.o)
 .debug_loc     0x00002fce      0x11b .\CortexM3\ARM_GCC_493\Debug\Dashboard.a(WaveDAC8_1.o)
 .debug_loc     0x000030e9      0x12c .\CortexM3\ARM_GCC_493\Debug\Dashboard.a(WaveDAC8_1_DacClk.o)
 .debug_loc     0x00003215       0x84 .\CortexM3\ARM_GCC_493\Debug\Dashboard.a(WaveDAC8_1_Wave1_DMA_dma.o)
 .debug_loc     0x00003299       0x84 .\CortexM3\ARM_GCC_493\Debug\Dashboard.a(WaveDAC8_1_Wave2_DMA_dma.o)
 .debug_loc     0x0000331d       0x79 .\CortexM3\ARM_GCC_493\Debug\Dashboard.a(WaveDAC8_1_VDAC8.o)
 .debug_loc     0x00003396       0x42 .\CortexM3\ARM_GCC_493\Debug\Dashboard.a(RGB3_1.o)
 .debug_loc     0x000033d8       0x55 .\CortexM3\ARM_GCC_493\Debug\Dashboard.a(RGB2_1.o)
 .debug_loc     0x0000342d       0x42 .\CortexM3\ARM_GCC_493\Debug\Dashboard.a(RGB1_1.o)
 .debug_loc     0x0000346f       0x42 .\CortexM3\ARM_GCC_493\Debug\Dashboard.a(RGB3_2.o)
 .debug_loc     0x000034b1       0x42 .\CortexM3\ARM_GCC_493\Debug\Dashboard.a(RGB2_2.o)
 .debug_loc     0x000034f3       0x55 .\CortexM3\ARM_GCC_493\Debug\Dashboard.a(RGB1_2.o)
 .debug_loc     0x00003548      0x300 .\CortexM3\ARM_GCC_493\Debug\Dashboard.a(CyFlash.o)
 .debug_loc     0x00003848      0x64d .\CortexM3\ARM_GCC_493\Debug\Dashboard.a(CySpc.o)

.debug_macinfo
 *(.debug_macinfo)

.debug_ranges   0x00000000      0x9f8
 *(.debug_ranges)
 .debug_ranges  0x00000000       0x50 .\CortexM3\ARM_GCC_493\Debug\main.o
 .debug_ranges  0x00000050       0x18 .\CortexM3\ARM_GCC_493\Debug\can_manager.o
 .debug_ranges  0x00000068       0x58 .\CortexM3\ARM_GCC_493\Debug\can_manga.o
 .debug_ranges  0x000000c0       0x38 .\CortexM3\ARM_GCC_493\Debug\Cm3Start.o
 .debug_ranges  0x000000f8       0x48 .\CortexM3\ARM_GCC_493\Debug\Dashboard.a(cyfitter_cfg.o)
 .debug_ranges  0x00000140       0xb8 .\CortexM3\ARM_GCC_493\Debug\Dashboard.a(CAN.o)
 .debug_ranges  0x000001f8       0x18 .\CortexM3\ARM_GCC_493\Debug\Dashboard.a(CAN_INT.o)
 .debug_ranges  0x00000210       0x30 .\CortexM3\ARM_GCC_493\Debug\Dashboard.a(CAN_TX_RX_func.o)
 .debug_ranges  0x00000240       0x88 .\CortexM3\ARM_GCC_493\Debug\Dashboard.a(LCD.o)
 .debug_ranges  0x000002c8       0xc8 .\CortexM3\ARM_GCC_493\Debug\Dashboard.a(CyDmac.o)
 .debug_ranges  0x00000390      0x288 .\CortexM3\ARM_GCC_493\Debug\Dashboard.a(CyLib.o)
 .debug_ranges  0x00000618       0x88 .\CortexM3\ARM_GCC_493\Debug\Dashboard.a(cyPm.o)
 .debug_ranges  0x000006a0       0x28 .\CortexM3\ARM_GCC_493\Debug\Dashboard.a(Buzzer.o)
 .debug_ranges  0x000006c8       0x28 .\CortexM3\ARM_GCC_493\Debug\Dashboard.a(HV.o)
 .debug_ranges  0x000006f0       0x28 .\CortexM3\ARM_GCC_493\Debug\Dashboard.a(Drive.o)
 .debug_ranges  0x00000718       0x40 .\CortexM3\ARM_GCC_493\Debug\Dashboard.a(WaveDAC8_1.o)
 .debug_ranges  0x00000758       0x60 .\CortexM3\ARM_GCC_493\Debug\Dashboard.a(WaveDAC8_1_DacClk.o)
 .debug_ranges  0x000007b8       0x18 .\CortexM3\ARM_GCC_493\Debug\Dashboard.a(WaveDAC8_1_Wave1_DMA_dma.o)
 .debug_ranges  0x000007d0       0x18 .\CortexM3\ARM_GCC_493\Debug\Dashboard.a(WaveDAC8_1_Wave2_DMA_dma.o)
 .debug_ranges  0x000007e8       0x48 .\CortexM3\ARM_GCC_493\Debug\Dashboard.a(WaveDAC8_1_VDAC8.o)
 .debug_ranges  0x00000830       0x28 .\CortexM3\ARM_GCC_493\Debug\Dashboard.a(RGB3_1.o)
 .debug_ranges  0x00000858       0x28 .\CortexM3\ARM_GCC_493\Debug\Dashboard.a(RGB2_1.o)
 .debug_ranges  0x00000880       0x28 .\CortexM3\ARM_GCC_493\Debug\Dashboard.a(RGB1_1.o)
 .debug_ranges  0x000008a8       0x28 .\CortexM3\ARM_GCC_493\Debug\Dashboard.a(RGB3_2.o)
 .debug_ranges  0x000008d0       0x28 .\CortexM3\ARM_GCC_493\Debug\Dashboard.a(RGB2_2.o)
 .debug_ranges  0x000008f8       0x28 .\CortexM3\ARM_GCC_493\Debug\Dashboard.a(RGB1_2.o)
 .debug_ranges  0x00000920       0x70 .\CortexM3\ARM_GCC_493\Debug\Dashboard.a(CyFlash.o)
 .debug_ranges  0x00000990       0x68 .\CortexM3\ARM_GCC_493\Debug\Dashboard.a(CySpc.o)

.comment        0x00000000       0x70
 .comment       0x00000000       0x70 .\CortexM3\ARM_GCC_493\Debug\main.o
                                 0x71 (size before relaxing)
 .comment       0x00000000       0x71 .\CortexM3\ARM_GCC_493\Debug\can_manager.o
 .comment       0x00000000       0x71 .\CortexM3\ARM_GCC_493\Debug\can_manga.o
 .comment       0x00000000       0x71 .\CortexM3\ARM_GCC_493\Debug\cymetadata.o
 .comment       0x00000000       0x71 .\CortexM3\ARM_GCC_493\Debug\Cm3Start.o
 .comment       0x00000000       0x71 .\CortexM3\ARM_GCC_493\Debug\Dashboard.a(cyfitter_cfg.o)
 .comment       0x00000000       0x71 .\CortexM3\ARM_GCC_493\Debug\Dashboard.a(CAN.o)
 .comment       0x00000000       0x71 .\CortexM3\ARM_GCC_493\Debug\Dashboard.a(CAN_INT.o)
 .comment       0x00000000       0x71 .\CortexM3\ARM_GCC_493\Debug\Dashboard.a(CAN_TX_RX_func.o)
 .comment       0x00000000       0x71 .\CortexM3\ARM_GCC_493\Debug\Dashboard.a(LCD.o)
 .comment       0x00000000       0x71 .\CortexM3\ARM_GCC_493\Debug\Dashboard.a(CyDmac.o)
 .comment       0x00000000       0x71 .\CortexM3\ARM_GCC_493\Debug\Dashboard.a(CyLib.o)
 .comment       0x00000000       0x71 .\CortexM3\ARM_GCC_493\Debug\Dashboard.a(cyPm.o)
 .comment       0x00000000       0x71 .\CortexM3\ARM_GCC_493\Debug\Dashboard.a(Buzzer.o)
 .comment       0x00000000       0x71 .\CortexM3\ARM_GCC_493\Debug\Dashboard.a(HV.o)
 .comment       0x00000000       0x71 .\CortexM3\ARM_GCC_493\Debug\Dashboard.a(Drive.o)
 .comment       0x00000000       0x71 .\CortexM3\ARM_GCC_493\Debug\Dashboard.a(WaveDAC8_1.o)
 .comment       0x00000000       0x71 .\CortexM3\ARM_GCC_493\Debug\Dashboard.a(WaveDAC8_1_DacClk.o)
 .comment       0x00000000       0x71 .\CortexM3\ARM_GCC_493\Debug\Dashboard.a(WaveDAC8_1_Wave1_DMA_dma.o)
 .comment       0x00000000       0x71 .\CortexM3\ARM_GCC_493\Debug\Dashboard.a(WaveDAC8_1_Wave2_DMA_dma.o)
 .comment       0x00000000       0x71 .\CortexM3\ARM_GCC_493\Debug\Dashboard.a(WaveDAC8_1_VDAC8.o)
 .comment       0x00000000       0x71 .\CortexM3\ARM_GCC_493\Debug\Dashboard.a(RGB3_1.o)
 .comment       0x00000000       0x71 .\CortexM3\ARM_GCC_493\Debug\Dashboard.a(RGB2_1.o)
 .comment       0x00000000       0x71 .\CortexM3\ARM_GCC_493\Debug\Dashboard.a(RGB1_1.o)
 .comment       0x00000000       0x71 .\CortexM3\ARM_GCC_493\Debug\Dashboard.a(RGB3_2.o)
 .comment       0x00000000       0x71 .\CortexM3\ARM_GCC_493\Debug\Dashboard.a(RGB2_2.o)
 .comment       0x00000000       0x71 .\CortexM3\ARM_GCC_493\Debug\Dashboard.a(RGB1_2.o)
 .comment       0x00000000       0x71 .\CortexM3\ARM_GCC_493\Debug\Dashboard.a(CyFlash.o)
 .comment       0x00000000       0x71 .\CortexM3\ARM_GCC_493\Debug\Dashboard.a(CySpc.o)

.debug_weaknames
 *(.debug_weaknames)

.debug_funcnames
 *(.debug_funcnames)

.debug_typenames
 *(.debug_typenames)

.debug_varnames
 *(.debug_varnames)

.note.gnu.arm.ident
 *(.note.gnu.arm.ident)

.ARM.attributes
                0x00000000       0x29
 *(.ARM.attributes)
 .ARM.attributes
                0x00000000       0x1d c:/program files (x86)/cypress/psoc creator/4.0/psoc creator/import/gnu/arm/4.9.3/bin/../lib/gcc/arm-none-eabi/4.9.3/armv7-m/crti.o
 .ARM.attributes
                0x0000001d       0x2d c:/program files (x86)/cypress/psoc creator/4.0/psoc creator/import/gnu/arm/4.9.3/bin/../lib/gcc/arm-none-eabi/4.9.3/armv7-m/crtbegin.o
 .ARM.attributes
                0x0000004a       0x1b c:/program files (x86)/cypress/psoc creator/4.0/psoc creator/import/gnu/arm/4.9.3/bin/../lib/gcc/arm-none-eabi/4.9.3/../../../../arm-none-eabi/lib/armv7-m/crt0.o
 .ARM.attributes
                0x00000065       0x33 .\CortexM3\ARM_GCC_493\Debug\main.o
 .ARM.attributes
                0x00000098       0x33 .\CortexM3\ARM_GCC_493\Debug\can_manager.o
 .ARM.attributes
                0x000000cb       0x33 .\CortexM3\ARM_GCC_493\Debug\can_manga.o
 .ARM.attributes
                0x000000fe       0x33 .\CortexM3\ARM_GCC_493\Debug\cymetadata.o
 .ARM.attributes
                0x00000131       0x33 .\CortexM3\ARM_GCC_493\Debug\Cm3Start.o
 .ARM.attributes
                0x00000164       0x33 .\CortexM3\ARM_GCC_493\Debug\Dashboard.a(cyfitter_cfg.o)
 .ARM.attributes
                0x00000197       0x33 .\CortexM3\ARM_GCC_493\Debug\Dashboard.a(CAN.o)
 .ARM.attributes
                0x000001ca       0x33 .\CortexM3\ARM_GCC_493\Debug\Dashboard.a(CAN_INT.o)
 .ARM.attributes
                0x000001fd       0x33 .\CortexM3\ARM_GCC_493\Debug\Dashboard.a(CAN_TX_RX_func.o)
 .ARM.attributes
                0x00000230       0x33 .\CortexM3\ARM_GCC_493\Debug\Dashboard.a(LCD.o)
 .ARM.attributes
                0x00000263       0x33 .\CortexM3\ARM_GCC_493\Debug\Dashboard.a(CyDmac.o)
 .ARM.attributes
                0x00000296       0x33 .\CortexM3\ARM_GCC_493\Debug\Dashboard.a(CyLib.o)
 .ARM.attributes
                0x000002c9       0x33 .\CortexM3\ARM_GCC_493\Debug\Dashboard.a(cyPm.o)
 .ARM.attributes
                0x000002fc       0x33 .\CortexM3\ARM_GCC_493\Debug\Dashboard.a(Buzzer.o)
 .ARM.attributes
                0x0000032f       0x33 .\CortexM3\ARM_GCC_493\Debug\Dashboard.a(HV.o)
 .ARM.attributes
                0x00000362       0x33 .\CortexM3\ARM_GCC_493\Debug\Dashboard.a(Drive.o)
 .ARM.attributes
                0x00000395       0x33 .\CortexM3\ARM_GCC_493\Debug\Dashboard.a(WaveDAC8_1.o)
 .ARM.attributes
                0x000003c8       0x33 .\CortexM3\ARM_GCC_493\Debug\Dashboard.a(WaveDAC8_1_DacClk.o)
 .ARM.attributes
                0x000003fb       0x33 .\CortexM3\ARM_GCC_493\Debug\Dashboard.a(WaveDAC8_1_Wave1_DMA_dma.o)
 .ARM.attributes
                0x0000042e       0x33 .\CortexM3\ARM_GCC_493\Debug\Dashboard.a(WaveDAC8_1_Wave2_DMA_dma.o)
 .ARM.attributes
                0x00000461       0x33 .\CortexM3\ARM_GCC_493\Debug\Dashboard.a(WaveDAC8_1_VDAC8.o)
 .ARM.attributes
                0x00000494       0x33 .\CortexM3\ARM_GCC_493\Debug\Dashboard.a(RGB3_1.o)
 .ARM.attributes
                0x000004c7       0x33 .\CortexM3\ARM_GCC_493\Debug\Dashboard.a(RGB2_1.o)
 .ARM.attributes
                0x000004fa       0x33 .\CortexM3\ARM_GCC_493\Debug\Dashboard.a(RGB1_1.o)
 .ARM.attributes
                0x0000052d       0x33 .\CortexM3\ARM_GCC_493\Debug\Dashboard.a(RGB3_2.o)
 .ARM.attributes
                0x00000560       0x33 .\CortexM3\ARM_GCC_493\Debug\Dashboard.a(RGB2_2.o)
 .ARM.attributes
                0x00000593       0x33 .\CortexM3\ARM_GCC_493\Debug\Dashboard.a(RGB1_2.o)
 .ARM.attributes
                0x000005c6       0x21 .\CortexM3\ARM_GCC_493\Debug\Dashboard.a(CyBootAsmGnu.o)
 .ARM.attributes
                0x000005e7       0x33 .\CortexM3\ARM_GCC_493\Debug\Dashboard.a(CyFlash.o)
 .ARM.attributes
                0x0000061a       0x33 .\CortexM3\ARM_GCC_493\Debug\Dashboard.a(CySpc.o)
 .ARM.attributes
                0x0000064d       0x2d c:/program files (x86)/cypress/psoc creator/4.0/psoc creator/import/gnu/arm/4.9.3/bin/../lib/gcc/arm-none-eabi/4.9.3/../../../../arm-none-eabi/lib/armv7-m\libg_nano.a(lib_a-errno.o)
 .ARM.attributes
                0x0000067a       0x2d c:/program files (x86)/cypress/psoc creator/4.0/psoc creator/import/gnu/arm/4.9.3/bin/../lib/gcc/arm-none-eabi/4.9.3/../../../../arm-none-eabi/lib/armv7-m\libg_nano.a(lib_a-exit.o)
 .ARM.attributes
                0x000006a7       0x2d c:/program files (x86)/cypress/psoc creator/4.0/psoc creator/import/gnu/arm/4.9.3/bin/../lib/gcc/arm-none-eabi/4.9.3/../../../../arm-none-eabi/lib/armv7-m\libg_nano.a(lib_a-impure.o)
 .ARM.attributes
                0x000006d4       0x2d c:/program files (x86)/cypress/psoc creator/4.0/psoc creator/import/gnu/arm/4.9.3/bin/../lib/gcc/arm-none-eabi/4.9.3/../../../../arm-none-eabi/lib/armv7-m\libg_nano.a(lib_a-init.o)
 .ARM.attributes
                0x00000701       0x2d c:/program files (x86)/cypress/psoc creator/4.0/psoc creator/import/gnu/arm/4.9.3/bin/../lib/gcc/arm-none-eabi/4.9.3/../../../../arm-none-eabi/lib/armv7-m\libg_nano.a(lib_a-memcpy.o)
 .ARM.attributes
                0x0000072e       0x2d c:/program files (x86)/cypress/psoc creator/4.0/psoc creator/import/gnu/arm/4.9.3/bin/../lib/gcc/arm-none-eabi/4.9.3/../../../../arm-none-eabi/lib/armv7-m\libg_nano.a(lib_a-memset.o)
 .ARM.attributes
                0x0000075b       0x2d c:/program files (x86)/cypress/psoc creator/4.0/psoc creator/import/gnu/arm/4.9.3/bin/../lib/gcc/arm-none-eabi/4.9.3/armv7-m/crtend.o
 .ARM.attributes
                0x00000788       0x1d c:/program files (x86)/cypress/psoc creator/4.0/psoc creator/import/gnu/arm/4.9.3/bin/../lib/gcc/arm-none-eabi/4.9.3/armv7-m/crtn.o

/DISCARD/
 *(.note.GNU-stack)
OUTPUT(.\CortexM3\ARM_GCC_493\Debug\Dashboard.elf elf32-littlearm)
